Archive member included to satisfy reference by file (symbol)

build/../../../TacOS/libc/bin/tacoc.a(ctype.o)
                              build/f_finale.o (toupper)
build/../../../TacOS/libc/bin/tacoc.a(mman.o)
                              build/doomgeneric_tacos.o (mmap)
build/../../../TacOS/libc/bin/tacoc.a(stat.o)
                              build/m_misc.o (mkdir)
build/../../../TacOS/libc/bin/tacoc.a(stdio.o)
                              build/m_misc.o (vsnprintf)
build/../../../TacOS/libc/bin/tacoc.a(stdlib.o)
                              build/d_main.o (exit)
build/../../../TacOS/libc/bin/tacoc.a(string.o)
                              build/d_iwad.o (strlen)
build/../../../TacOS/libc/bin/tacoc.a(strings.o)
                              build/d_iwad.o (strcasecmp)
build/../../../TacOS/libc/bin/tacoc.a(unistd.o)
                              build/../../../TacOS/libc/bin/tacoc.a(stdlib.o) (sbrk)
build/../../../TacOS/libc/bin/tacoc.a(math.o)
                              build/v_video.o (fabs)
build/../../../TacOS/libc/bin/tacoc.a(liballoc.o)
                              build/d_iwad.o (malloc)

Merging program properties

Updated property 0xc0010002 (0x1) to merge build/dummy.o (0x1) and build/doomdef.o (0x0)
Updated property 0xc0010002 (0x1) to merge build/dummy.o (0x1) and build/doomstat.o (0x0)
Updated property 0xc0010002 (0x1) to merge build/dummy.o (0x1) and build/dstrings.o (0x0)
Updated property 0xc0010002 (0x1) to merge build/dummy.o (0x1) and build/d_items.o (0x0)
Updated property 0xc0010001 (0x9) to merge build/dummy.o (0x1) and build/g_game.o (0x9)
Updated property 0xc0010001 (0x9) to merge build/dummy.o (0x9) and build/hu_lib.o (0x1)
Updated property 0xc0010001 (0x9) to merge build/dummy.o (0x9) and build/hu_stuff.o (0x1)
Updated property 0xc0010001 (0x9) to merge build/dummy.o (0x9) and build/info.o (0x1)
Updated property 0xc0010002 (0x1) to merge build/dummy.o (0x1) and build/info.o (0x0)
Updated property 0xc0010001 (0x9) to merge build/dummy.o (0x9) and build/i_cdmus.o (0x1)
Updated property 0xc0010001 (0x9) to merge build/dummy.o (0x9) and build/i_endoom.o (0x1)
Updated property 0xc0010001 (0x9) to merge build/dummy.o (0x9) and build/i_joystick.o (0x1)
Updated property 0xc0010001 (0x9) to merge build/dummy.o (0x9) and build/i_scale.o (0x1)
Updated property 0xc0010001 (0x9) to merge build/dummy.o (0x9) and build/i_sound.o (0x1)
Updated property 0xc0010001 (0x9) to merge build/dummy.o (0x9) and build/i_timer.o (0x1)
Updated property 0xc0010001 (0x9) to merge build/dummy.o (0x9) and build/memio.o (0x1)
Updated property 0xc0010001 (0x9) to merge build/dummy.o (0x9) and build/m_argv.o (0x1)
Updated property 0xc0010001 (0x9) to merge build/dummy.o (0x9) and build/m_bbox.o (0x1)
Updated property 0xc0010001 (0x9) to merge build/dummy.o (0x9) and build/m_cheat.o (0x1)
Updated property 0xc0010001 (0x9) to merge build/dummy.o (0x9) and build/m_controls.o (0x1)
Updated property 0xc0010001 (0x9) to merge build/dummy.o (0x9) and build/m_fixed.o (0x1)
Updated property 0xc0010001 (0x9) to merge build/dummy.o (0x9) and build/m_menu.o (0x1)
Updated property 0xc0010001 (0x9) to merge build/dummy.o (0x9) and build/m_random.o (0x1)
Updated property 0xc0010001 (0x9) to merge build/dummy.o (0x9) and build/p_ceilng.o (0x1)
Updated property 0xc0010001 (0x9) to merge build/dummy.o (0x9) and build/p_doors.o (0x1)
Updated property 0xc0010001 (0x9) to merge build/dummy.o (0x9) and build/p_enemy.o (0x1)
Updated property 0xc0010001 (0x9) to merge build/dummy.o (0x9) and build/p_floor.o (0x1)
Updated property 0xc0010001 (0x9) to merge build/dummy.o (0x9) and build/p_inter.o (0x1)
Updated property 0xc0010001 (0x9) to merge build/dummy.o (0x9) and build/p_lights.o (0x1)
Updated property 0xc0010001 (0x9) to merge build/dummy.o (0x9) and build/p_map.o (0x1)
Updated property 0xc0010001 (0x9) to merge build/dummy.o (0x9) and build/p_maputl.o (0x1)
Updated property 0xc0010001 (0x9) to merge build/dummy.o (0x9) and build/p_mobj.o (0x1)
Updated property 0xc0010001 (0x9) to merge build/dummy.o (0x9) and build/p_plats.o (0x1)
Updated property 0xc0010001 (0x9) to merge build/dummy.o (0x9) and build/p_pspr.o (0x1)
Updated property 0xc0010001 (0x9) to merge build/dummy.o (0x9) and build/p_saveg.o (0x1)
Updated property 0xc0010001 (0x9) to merge build/dummy.o (0x9) and build/p_setup.o (0x1)
Updated property 0xc0010001 (0x9) to merge build/dummy.o (0x9) and build/p_sight.o (0x1)
Updated property 0xc0010001 (0x9) to merge build/dummy.o (0x9) and build/p_spec.o (0x1)
Updated property 0xc0010001 (0x9) to merge build/dummy.o (0x9) and build/p_switch.o (0x1)
Updated property 0xc0010001 (0x9) to merge build/dummy.o (0x9) and build/p_telept.o (0x1)
Updated property 0xc0010001 (0x9) to merge build/dummy.o (0x9) and build/p_tick.o (0x1)
Updated property 0xc0010001 (0x9) to merge build/dummy.o (0x9) and build/p_user.o (0x1)
Updated property 0xc0010001 (0x9) to merge build/dummy.o (0x9) and build/r_bsp.o (0x1)
[...]
Memory Configuration

Name             Origin             Length             Attributes
*default*        0x0000000000000000 0xffffffffffffffff

Linker script and memory map

LOAD build/dummy.o
LOAD build/am_map.o
LOAD build/doomdef.o
LOAD build/doomstat.o
LOAD build/dstrings.o
LOAD build/d_event.o
LOAD build/d_items.o
LOAD build/d_iwad.o
LOAD build/d_loop.o
LOAD build/d_main.o
LOAD build/d_mode.o
LOAD build/d_net.o
LOAD build/f_finale.o
LOAD build/f_wipe.o
LOAD build/g_game.o
LOAD build/hu_lib.o
LOAD build/hu_stuff.o
LOAD build/info.o
LOAD build/i_cdmus.o
LOAD build/i_endoom.o
LOAD build/i_joystick.o
LOAD build/i_scale.o
LOAD build/i_sound.o
LOAD build/i_system.o
LOAD build/i_timer.o
LOAD build/memio.o
LOAD build/m_argv.o
LOAD build/m_bbox.o
LOAD build/m_cheat.o
LOAD build/m_config.o
LOAD build/m_controls.o
LOAD build/m_fixed.o
LOAD build/m_menu.o
LOAD build/m_misc.o
LOAD build/m_random.o
LOAD build/p_ceilng.o
LOAD build/p_doors.o
LOAD build/p_enemy.o
LOAD build/p_floor.o
LOAD build/p_inter.o
LOAD build/p_lights.o
LOAD build/p_map.o
LOAD build/p_maputl.o
LOAD build/p_mobj.o
LOAD build/p_plats.o
LOAD build/p_pspr.o
LOAD build/p_saveg.o
LOAD build/p_setup.o
LOAD build/p_sight.o
LOAD build/p_spec.o
LOAD build/p_switch.o
LOAD build/p_telept.o
LOAD build/p_tick.o
LOAD build/p_user.o
LOAD build/r_bsp.o
LOAD build/r_data.o
LOAD build/r_draw.o
LOAD build/r_main.o
LOAD build/r_plane.o
LOAD build/r_segs.o
LOAD build/r_sky.o
LOAD build/r_things.o
LOAD build/sha1.o
LOAD build/sounds.o
LOAD build/statdump.o
LOAD build/st_lib.o
LOAD build/st_stuff.o
LOAD build/s_sound.o
LOAD build/tables.o
LOAD build/v_video.o
LOAD build/wi_stuff.o
LOAD build/w_checksum.o
LOAD build/w_file.o
LOAD build/w_main.o
LOAD build/w_wad.o
LOAD build/z_zone.o
LOAD build/w_file_stdc.o
LOAD build/i_input.o
LOAD build/i_video.o
LOAD build/doomgeneric.o
LOAD build/doomgeneric_tacos.o
LOAD build/../../../TacOS/libc/bin/tacoc.a
LOAD build/../../../TacOS/libc/bin/crt0.o
                [!provide]                        PROVIDE (__executable_start = SEGMENT_START ("text-segment", 0x400000))
                0x0000000000400190                . = (SEGMENT_START ("text-segment", 0x400000) + SIZEOF_HEADERS)

.note.gnu.build-id
                0x0000000000400190       0x24
 *(.note.gnu.build-id)
 .note.gnu.build-id
                0x0000000000400190       0x24 build/dummy.o

.interp
 *(.interp)

.hash
 *(.hash)

.gnu.hash
 *(.gnu.hash)

.dynsym
 *(.dynsym)

.dynstr
 *(.dynstr)

.gnu.version
 *(.gnu.version)

.gnu.version_d
 *(.gnu.version_d)

.gnu.version_r
 *(.gnu.version_r)

.rela.dyn       0x00000000004001b8        0x0
 *(.rela.init)
 *(.rela.text .rela.text.* .rela.gnu.linkonce.t.*)
 *(.rela.fini)
 *(.rela.rodata .rela.rodata.* .rela.gnu.linkonce.r.*)
 *(.rela.data .rela.data.* .rela.gnu.linkonce.d.*)
 *(.rela.tdata .rela.tdata.* .rela.gnu.linkonce.td.*)
 *(.rela.tbss .rela.tbss.* .rela.gnu.linkonce.tb.*)
 *(.rela.ctors)
 *(.rela.dtors)
 *(.rela.got)
 .rela.got      0x00000000004001b8        0x0 build/dummy.o
 *(.rela.bss .rela.bss.* .rela.gnu.linkonce.b.*)
 *(.rela.ldata .rela.ldata.* .rela.gnu.linkonce.l.*)
 *(.rela.lbss .rela.lbss.* .rela.gnu.linkonce.lb.*)
 *(.rela.lrodata .rela.lrodata.* .rela.gnu.linkonce.lr.*)
 *(.rela.ifunc)

.rela.plt       0x00000000004001b8        0x0
 *(.rela.plt)
                [!provide]                        PROVIDE (__rela_iplt_start = .)
 *(.rela.iplt)
 .rela.iplt     0x00000000004001b8        0x0 build/dummy.o
                [!provide]                        PROVIDE (__rela_iplt_end = .)

.relr.dyn
 *(.relr.dyn)
                0x0000000000401000                . = ALIGN (CONSTANT (MAXPAGESIZE))

.init
 *(SORT_NONE(.init))

.plt            0x0000000000401000        0x0
 *(.plt)
 *(.iplt)
 .iplt          0x0000000000401000        0x0 build/dummy.o

.plt.got
 *(.plt.got)

.plt.sec
 *(.plt.sec)

.text           0x0000000000401000    0x42045
 *(.text.unlikely .text.*_unlikely .text.unlikely.*)
 *(.text.exit .text.exit.*)
 *(.text.startup .text.startup.*)
 *(.text.hot .text.hot.*)
 *(SORT_BY_NAME(.text.sorted.*))
 *(.text .stub .text.* .gnu.linkonce.t.*)
 .text          0x0000000000401000     0x24a0 build/am_map.o
                0x0000000000401000                AM_getIslope
                0x00000000004010a4                AM_activateNewScale
                0x000000000040118f                AM_saveScaleAndLoc
                0x00000000004011c6                AM_restoreScaleAndLoc
                0x00000000004012b3                AM_addMark
                0x0000000000401340                AM_findMinMaxBoundaries
                0x000000000040152c                AM_changeWindowLoc
                0x00000000004016bf                AM_initVariables
                0x0000000000401889                AM_loadPics
                0x00000000004018e7                AM_unloadPics
                0x0000000000401932                AM_clearMarks
                0x0000000000401966                AM_LevelInit
                0x00000000004019fb                AM_Stop
                0x0000000000401a25                AM_Start
                0x0000000000401a8c                AM_minOutWindowScale
                0x0000000000401abc                AM_maxOutWindowScale
                0x0000000000401aec                AM_Responder
                0x0000000000401f83                AM_changeWindowScale
                0x0000000000401ff0                AM_doFollowPlayer
                0x0000000000402114                AM_updateLightLev
                0x000000000040219b                AM_Ticker
                0x00000000004021f7                AM_clearFB
                0x000000000040222b                AM_clipMline
                0x0000000000402720                AM_drawFline
                0x00000000004028fb                AM_drawMline
                0x0000000000402931                AM_drawGrid
                0x0000000000402a8a                AM_drawWalls
                0x0000000000402e4d                AM_rotate
                0x0000000000402f0f                AM_drawLineCharacter
                0x0000000000403083                AM_drawPlayers
                0x0000000000403237                AM_drawThings
                0x00000000004032db                AM_drawMarks
                0x00000000004033e7                AM_drawCrosshair
                0x000000000040341d                AM_Drawer
 .text          0x00000000004034a0       0xc3 build/d_event.o
                0x00000000004034a0                D_PostEvent
                0x0000000000403501                D_PopEvent
 .text          0x0000000000403563      0x7a3 build/d_iwad.o
                0x000000000040389f                D_FindWADByName
                0x000000000040398d                D_TryFindWADByName
                0x00000000004039bc                D_FindIWAD
                0x0000000000403aab                D_FindAllIWADs
                0x0000000000403b9a                D_SaveGameIWADName
                0x0000000000403bf8                D_SuggestIWADName
                0x0000000000403c7c                D_SuggestGameName
 .text          0x0000000000403d06      0x8ce build/d_loop.o
                0x0000000000403edd                NetUpdate
                0x0000000000403fa2                D_ReceiveTic
                0x00000000004040ba                D_StartGameLoop
                0x00000000004040d5                D_StartNetGame
                0x0000000000404140                D_InitNetGame
                0x0000000000404174                D_QuitNetGame
                0x000000000040435e                TryRunTics
                0x00000000004045be                D_RegisterLoopCallbacks
 .text          0x00000000004045d4     0x1eda build/d_main.o
                0x00000000004045d4                D_ProcessEvents
                0x000000000040461b                D_Display
                0x0000000000404a11                D_BindVariables
                0x0000000000404b5f                D_GrabMouseCallback
                0x0000000000404bbb                doomgeneric_Tick
                0x0000000000404c0a                D_DoomLoop
                0x0000000000404cbe                D_PageTicker
                0x0000000000404ce3                D_PageDrawer
                0x0000000000404d10                D_AdvanceDemo
                0x0000000000404d21                D_DoAdvanceDemo
                0x0000000000404f69                D_StartTitle
                0x00000000004051c2                D_IdentifyVersion
                0x0000000000405333                D_SetGameDescription
                0x0000000000405531                PrintDehackedBanners
                0x0000000000405843                PrintGameVersion
                0x0000000000405934                D_DoomMain
 .text          0x00000000004064ae      0x291 build/d_mode.o
                0x00000000004064ae                D_ValidGameMode
                0x0000000000406507                D_ValidEpisodeMap
                0x00000000004065f2                D_GetNumEpisodes
                0x000000000040662e                D_ValidGameVersion
                0x00000000004066a2                D_IsEpisodeMap
                0x00000000004066df                D_GameMissionString
 .text          0x000000000040673f      0x528 build/d_net.o
                0x0000000000406b08                D_ConnectNetGame
                0x0000000000406b49                D_CheckNetGame
 .text          0x0000000000406c67     0x11cf build/f_finale.o
                0x0000000000406c67                F_StartFinale
                0x0000000000406ded                F_Responder
                0x0000000000406e19                F_Ticker
                0x0000000000406f3a                F_TextWrite
                0x00000000004070dc                F_StartCast
                0x0000000000407188                F_CastTicker
                0x00000000004077bb                F_CastResponder
                0x00000000004078b8                F_CastPrint
                0x00000000004079dc                F_CastDrawer
                0x0000000000407adc                F_DrawPatchCol
                0x0000000000407ba9                F_BunnyScroll
                0x0000000000407e00                F_Drawer
 .text          0x0000000000407e36      0x872 build/f_wipe.o
                0x0000000000407e36                wipe_shittyColMajorXform
                0x0000000000407efb                wipe_initColorXForm
                0x0000000000407f36                wipe_doColorXForm
                0x0000000000408056                wipe_exitColorXForm
                0x000000000040806a                wipe_initMelt
                0x0000000000408213                wipe_doMelt
                0x00000000004084d3                wipe_exitMelt
                0x0000000000408518                wipe_StartScreen
                0x000000000040855d                wipe_EndScreen
                0x00000000004085bf                wipe_ScreenWipe
 .text          0x00000000004086a8     0x3a0c build/g_game.o
                0x00000000004086a8                G_CmdChecksum
                0x0000000000408908                G_BuildTiccmd
                0x0000000000409275                G_DoLoadLevel
                0x0000000000409635                G_Responder
                0x00000000004099a1                G_Ticker
                0x0000000000409efb                G_InitPlayer
                0x0000000000409f13                G_PlayerFinishLevel
                0x0000000000409fd2                G_PlayerReborn
                0x000000000040a22f                G_CheckSpot
                0x000000000040a5f2                G_DeathMatchSpawnPlayer
                0x000000000040a6f7                G_DoReborn
                0x000000000040a889                G_ScreenShot
                0x000000000040a89a                G_ExitLevel
                0x000000000040a8b5                G_SecretExitLevel
                0x000000000040a8f5                G_DoCompleted
                0x000000000040adf4                G_WorldDone
                0x000000000040ae95                G_DoWorldDone
                0x000000000040aece                G_LoadGame
                0x000000000040aefd                G_DoLoadGame
                0x000000000040afda                G_SaveGame
                0x000000000040b015                G_DoSaveGame
                0x000000000040b1ac                G_DeferedInitNew
                0x000000000040b1e1                G_DoNewGame
                0x000000000040b27f                G_InitNew
                0x000000000040b590                G_ReadDemoTiccmd
                0x000000000040b73f                G_WriteDemoTiccmd
                0x000000000040b87d                G_RecordDemo
                0x000000000040b96d                G_VanillaVersionCode
                0x000000000040b9c1                G_BeginRecording
                0x000000000040bb5a                G_DeferedPlayDemo
                0x000000000040bc4c                G_DoPlayDemo
                0x000000000040bea2                G_TimeDemo
                0x000000000040beea                G_CheckDemoStatus
 .text          0x000000000040c0b4      0x94b build/hu_lib.o
                0x000000000040c0b4                HUlib_init
                0x000000000040c0bb                HUlib_clearTextLine
                0x000000000040c0e4                HUlib_initTextLine
                0x000000000040c136                HUlib_addCharToTextLine
                0x000000000040c199                HUlib_delCharFromTextLine
                0x000000000040c1e8                HUlib_drawTextLine
                0x000000000040c356                HUlib_eraseTextLine
                0x000000000040c45d                HUlib_initSText
                0x000000000040c51a                HUlib_addLineToSText
                0x000000000040c5d2                HUlib_addMessageToSText
                0x000000000040c697                HUlib_drawSText
                0x000000000040c728                HUlib_eraseSText
                0x000000000040c7d1                HUlib_initIText
                0x000000000040c833                HUlib_delCharFromIText
                0x000000000040c860                HUlib_eraseLineFromIText
                0x000000000040c890                HUlib_resetIText
                0x000000000040c8b6                HUlib_addPrefixToIText
                0x000000000040c904                HUlib_keyInIText
                0x000000000040c971                HUlib_drawIText
                0x000000000040c9a9                HUlib_eraseIText
 .text          0x000000000040c9ff      0xa93 build/hu_stuff.o
                0x000000000040c9ff                HU_Init
                0x000000000040ca67                HU_Stop
                0x000000000040ca78                HU_Start
                0x000000000040ccf0                HU_Drawer
                0x000000000040cd24                HU_Erase
                0x000000000040cd49                HU_Ticker
                0x000000000040d033                HU_queueChatChar
                0x000000000040d08f                HU_dequeueChatChar
                0x000000000040d0d3                HU_Responder
 .text          0x000000000040d492        0xb build/i_endoom.o
                0x000000000040d492                I_Endoom
 .text          0x000000000040d49d       0xeb build/i_joystick.o
                0x000000000040d49d                I_ShutdownJoystick
                0x000000000040d4a4                I_InitJoystick
                0x000000000040d4ab                I_UpdateJoystick
                0x000000000040d4b2                I_BindJoystickVariables
 .text          0x000000000040d588      0x5fc build/i_sound.o
                0x000000000040d678                I_InitSound
                0x000000000040d6ff                I_ShutdownSound
                0x000000000040d738                I_GetSfxLumpNum
                0x000000000040d76d                I_UpdateSound
                0x000000000040d81d                I_UpdateSoundParams
                0x000000000040d86b                I_StartSound
                0x000000000040d8c6                I_StopSound
                0x000000000040d8f2                I_SoundIsPlaying
                0x000000000040d924                I_PrecacheSounds
                0x000000000040d96b                I_InitMusic
                0x000000000040d98b                I_ShutdownMusic
                0x000000000040d992                I_SetMusicVolume
                0x000000000040d9be                I_PauseSong
                0x000000000040d9de                I_ResumeSong
                0x000000000040d9fe                I_RegisterSong
                0x000000000040da3b                I_UnRegisterSong
                0x000000000040da6a                I_PlaySong
                0x000000000040daa1                I_StopSong
                0x000000000040dac1                I_MusicIsPlaying
                0x000000000040dae7                I_BindSoundVariables
 .text          0x000000000040db84      0x874 build/i_system.o
                0x000000000040db84                I_AtExit
                0x000000000040dbd3                I_Tactile
                0x000000000040dc55                I_ZoneBase
                0x000000000040dcef                I_PrintBanner
                0x000000000040dd44                I_PrintDivider
                0x000000000040dd76                I_PrintStartupBanner
                0x000000000040ddaf                I_ConsoleStdout
                0x000000000040ddba                I_Quit
                0x000000000040df75                I_Error
                0x000000000040e16f                I_GetMemoryValue
 .text          0x000000000040e3f8       0xaf build/i_timer.o
                0x000000000040e3f8                I_GetTicks
                0x000000000040e408                I_GetTime
                0x000000000040e44c                I_GetTimeMS
                0x000000000040e47e                I_Sleep
                0x000000000040e496                I_WaitVBL
                0x000000000040e4a0                I_InitTimer
 .text          0x000000000040e4a7      0x137 build/m_argv.o
                0x000000000040e4a7                M_CheckParmWithArgs
                0x000000000040e507                M_ParmExists
                0x000000000040e529                M_CheckParm
                0x000000000040e552                M_FindResponseFile
                0x000000000040e59e                M_GetExecutableName
 .text          0x000000000040e5de       0xb8 build/m_bbox.o
                0x000000000040e5de                M_ClearBox
                0x000000000040e619                M_AddToBox
 .text          0x000000000040e696      0x160 build/m_cheat.o
                0x000000000040e696                cht_CheckCheat
                0x000000000040e7c2                cht_GetParam
 .text          0x000000000040e7f6      0x6b3 build/m_config.o
                0x000000000040e9d8                M_SetConfigFilenames
                0x000000000040e9fd                M_SaveDefaults
                0x000000000040ea18                M_SaveDefaultsAlternate
                0x000000000040ea72                M_LoadDefaults
                0x000000000040ec08                M_BindVariable
                0x000000000040ec42                M_SetVariable
                0x000000000040ec95                M_GetIntVariable
                0x000000000040eced                M_GetStrVariable
                0x000000000040ed3b                M_GetFloatVariable
                0x000000000040edb7                M_SetConfigDir
                0x000000000040ee26                M_GetSaveGameDir
 .text          0x000000000040eea9      0x795 build/m_controls.o
                0x000000000040eea9                M_BindBaseControls
                0x000000000040f045                M_BindHereticControls
                0x000000000040f0d3                M_BindHexenControls
                0x000000000040f17f                M_BindStrifeControls
                0x000000000040f2b2                M_BindWeaponControls
                0x000000000040f38b                M_BindMapControls
                0x000000000040f446                M_BindMenuControls
                0x000000000040f5c4                M_BindChatControls
                0x000000000040f637                M_ApplyPlatformDefaults
 .text          0x000000000040f63e       0x85 build/m_fixed.o
                0x000000000040f63e                FixedMul
                0x000000000040f65d                FixedDiv
 .text          0x000000000040f6c3     0x27fb build/m_menu.o
                0x000000000040f6c3                M_ReadSaveStrings
                0x000000000040f7c0                M_DrawLoad
                0x000000000040f85c                M_DrawSaveLoadBorder
                0x000000000040f8f3                M_LoadSelect
                0x000000000040f942                M_LoadGame
                0x000000000040f97e                M_DrawSave
                0x000000000040fa7b                M_DoSave
                0x000000000040fac9                M_SaveSelect
                0x000000000040fb82                M_SaveGame
                0x000000000040fbcb                M_QuickSaveResponse
                0x000000000040fc00                M_QuickSave
                0x000000000040fca7                M_QuickLoadResponse
                0x000000000040fcdc                M_QuickLoad
                0x000000000040fd6e                M_DrawReadThis1
                0x000000000040fe5b                M_DrawReadThis2
                0x000000000040fe8d                M_DrawSound
                0x000000000040ff03                M_Sound
                0x000000000040ff1b                M_SfxVol
                0x000000000040ff82                M_MusicVol
                0x000000000040ffe9                M_DrawMainMenu
                0x0000000000410011                M_DrawNewGame
                0x000000000041005a                M_NewGame
                0x00000000004100bd                M_DrawEpisode
                0x00000000004100e5                M_VerifyNightmare
                0x000000000041011f                M_ChooseSkill
                0x0000000000410167                M_Episode
                0x00000000004101e8                M_DrawOptions
                0x00000000004102de                M_Options
                0x00000000004102f6                M_ChangeMessages
                0x0000000000410386                M_EndGameResponse
                0x00000000004103bd                M_EndGame
                0x0000000000410420                M_ReadThis
                0x000000000041043f                M_ReadThis2
                0x0000000000410481                M_FinishReadThis
                0x00000000004104a0                M_QuitResponse
                0x0000000000410586                M_QuitDOOM
                0x00000000004105c9                M_ChangeSensitivity
                0x000000000041061c                M_ChangeDetail
                0x00000000004106bb                M_SizeDisplay
                0x0000000000410745                M_DrawThermo
                0x000000000041080e                M_DrawEmptyCell
                0x000000000041085b                M_DrawSelCell
                0x00000000004108a8                M_StartMessage
                0x00000000004108f9                M_StopMessage
                0x0000000000410916                M_StringWidth
                0x0000000000410993                M_StringHeight
                0x00000000004109f2                M_WriteText
                0x0000000000410af8                M_Responder
                0x0000000000411a19                M_StartControlPanel
                0x0000000000411a53                M_Drawer
                0x0000000000411d36                M_ClearMenus
                0x0000000000411d47                M_SetupNextMenu
                0x0000000000411d6f                M_Ticker
                0x0000000000411dad                M_Init
 .text          0x0000000000411ebe      0xb16 build/m_misc.o
                0x0000000000411ebe                M_MakeDirectory
                0x0000000000411ede                M_FileExists
                0x0000000000411f20                M_FileLength
                0x0000000000411f80                M_WriteFile
                0x0000000000411ff6                M_ReadFile
                0x00000000004120b7                M_TempFile
                0x00000000004120ec                M_StrToInt
                0x0000000000412186                M_ExtractFileBase
                0x0000000000412266                M_ForceUppercase
                0x00000000004122a9                M_StrCaseStr
                0x0000000000412337                M_StringDuplicate
                0x000000000041237e                M_StringReplace
                0x00000000004124d9                M_StringCopy
                0x0000000000412550                M_StringConcat
                0x00000000004125ad                M_StringStartsWith
                0x0000000000412616                M_StringEndsWith
                0x0000000000412694                M_StringJoin
                0x00000000004128a7                M_vsnprintf
                0x000000000041291c                M_snprintf
 .text          0x00000000004129d4       0x71 build/m_random.o
                0x00000000004129d4                P_Random
                0x00000000004129fe                M_Random
                0x0000000000412a28                M_ClearRandom
 .text          0x0000000000412a45      0x60e build/p_ceilng.o
                0x0000000000412a45                T_MoveCeiling
                0x0000000000412c51                EV_DoCeiling
                0x0000000000412e3a                P_AddActiveCeiling
                0x0000000000412e7c                P_RemoveActiveCeiling
                0x0000000000412ef3                P_ActivateInStasisCeiling
                0x0000000000412f8e                EV_CeilingCrushStop
 .text          0x0000000000413053      0xcdb build/p_doors.o
                0x0000000000413053                T_VerticalDoor
                0x000000000041338f                EV_DoLockedDoor
                0x0000000000413509                EV_DoDoor
                0x00000000004137aa                EV_VerticalDoor
                0x0000000000413bdf                P_SpawnDoorCloseIn30
                0x0000000000413c6c                P_SpawnDoorRaiseIn5Mins
 .text          0x0000000000413d2e     0x361c build/p_enemy.o
                0x0000000000413d2e                P_RecursiveSound
                0x0000000000413ec0                P_NoiseAlert
                0x0000000000413f05                P_CheckMeleeRange
                0x0000000000413fb3                P_CheckMissileRange
                0x000000000041414c                P_Move
                0x000000000041434a                P_TryWalk
                0x0000000000414388                P_NewChaseDir
                0x000000000041465a                P_LookForPlayers
                0x00000000004147f4                A_KeenDie
                0x0000000000414896                A_Look
                0x0000000000414a38                A_Chase
                0x0000000000414dc4                A_FaceTarget
                0x0000000000414e7c                A_PosAttack
                0x0000000000414f54                A_SPosAttack
                0x0000000000415042                A_CPosAttack
                0x000000000041511d                A_CPosRefire
                0x00000000004151a5                A_SpidRefire
                0x000000000041522d                A_BspiAttack
                0x0000000000415279                A_TroopAttack
                0x000000000041532e                A_SargAttack
                0x00000000004153c0                A_HeadAttack
                0x000000000041547a                A_CyberAttack
                0x00000000004154c6                A_BruisAttack
                0x0000000000415572                A_SkelMissile
                0x0000000000415632                A_Tracer
                0x00000000004158e8                A_SkelWhoosh
                0x0000000000415926                A_SkelFist
                0x00000000004159d2                PIT_VileCheck
                0x0000000000415b19                A_VileChase
                0x0000000000415d51                A_VileStart
                0x0000000000415d71                A_StartFire
                0x0000000000415d9d                A_FireCrackle
                0x0000000000415dc9                A_Fire
                0x0000000000415eb8                A_VileTarget
                0x0000000000415f63                A_VileAttack
                0x00000000004160c8                A_FatRaise
                0x00000000004160f4                A_FatAttack1
                0x00000000004161ed                A_FatAttack2
                0x00000000004162e6                A_FatAttack3
                0x000000000041644e                A_SkullAttack
                0x0000000000416598                A_PainShootSkull
                0x0000000000416710                A_PainAttack
                0x0000000000416752                A_PainDie
                0x00000000004167be                A_Scream
                0x000000000041689e                A_XScream
                0x00000000004168be                A_Pain
                0x00000000004168fb                A_Fall
                0x000000000041691f                A_Explode
                0x0000000000416a6f                A_BossDeath
                0x0000000000416c90                A_Hoof
                0x0000000000416cbc                A_Metal
                0x0000000000416ce8                A_BabyMetal
                0x0000000000416d14                A_OpenShotgun2
                0x0000000000416d3b                A_LoadShotgun2
                0x0000000000416d62                A_CloseShotgun2
                0x0000000000416d9c                A_BrainAwake
                0x0000000000416e49                A_BrainPain
                0x0000000000416e67                A_BrainScream
                0x0000000000416f4b                A_BrainExplode
                0x0000000000417018                A_BrainDie
                0x000000000041702c                A_BrainSpit
                0x000000000041710e                A_SpawnSound
                0x000000000041713a                A_SpawnFly
                0x0000000000417302                A_PlayerScream
 .text          0x000000000041734a      0xd79 build/p_floor.o
                0x000000000041734a                T_MovePlane
                0x00000000004176a3                T_MoveFloor
                0x00000000004177d5                EV_DoFloor
                0x0000000000417e0b                EV_BuildStairs
 .text          0x00000000004180c3     0x1985 build/p_inter.o
                0x00000000004180c3                P_GiveAmmo
                0x000000000041831c                P_GiveWeapon
                0x0000000000418535                P_GiveBody
                0x0000000000418598                P_GiveArmor
                0x00000000004185da                P_GiveCard
                0x000000000041861c                P_GivePower
                0x000000000041874e                P_TouchSpecialThing
                0x00000000004191d2                P_KillMobj
                0x0000000000419548                P_DamageMobj
 .text          0x0000000000419a48      0x78a build/p_lights.o
                0x0000000000419a48                T_FireFlicker
                0x0000000000419ada                P_SpawnFireFlicker
                0x0000000000419b6f                T_LightFlash
                0x0000000000419c0e                P_SpawnLightFlash
                0x0000000000419cc3                T_StrobeFlash
                0x0000000000419d4a                P_SpawnStrobeFlash
                0x0000000000419e2e                EV_StartLightStrobing
                0x0000000000419e9e                EV_TurnTagLightsOff
                0x0000000000419f7f                EV_LightTurnOn
                0x000000000041a05d                T_Glow
                0x000000000041a140                P_SpawnGlowingLight
 .text          0x000000000041a1d2     0x21fc build/p_map.o
                0x000000000041a1d2                PIT_StompThing
                0x000000000041a2ab                P_TeleportMove
                0x000000000041a49c                PIT_CheckLine
                0x000000000041a643                PIT_CheckThing
                0x000000000041a9d3                P_CheckPosition
                0x000000000041ac39                P_TryMove
                0x000000000041ae7c                P_ThingHeightClip
                0x000000000041af48                P_HitSlideLine
                0x000000000041b09e                PTR_SlideTraverse
                0x000000000041b1c2                P_SlideMove
                0x000000000041b4f9                PTR_AimTraverse
                0x000000000041b75a                PTR_ShootTraverse
                0x000000000041bba5                P_AimLineAttack
                0x000000000041bca8                P_LineAttack
                0x000000000041bd7d                PTR_UseTraverse
                0x000000000041be32                P_UseLines
                0x000000000041bed4                PIT_RadiusAttack
                0x000000000041bfe8                P_RadiusAttack
                0x000000000041c0d8                PIT_ChangeSector
                0x000000000041c255                P_ChangeSector
 .text          0x000000000041c3ce     0x136b build/p_maputl.o
                0x000000000041c3ce                P_AproxDistance
                0x000000000041c42a                P_PointOnLineSide
                0x000000000041c524                P_BoxOnLineSide
                0x000000000041c6cd                P_PointOnDivlineSide
                0x000000000041c7fd                P_MakeDivline
                0x000000000041c848                P_InterceptVector
                0x000000000041c90d                P_LineOpening
                0x000000000041c9d0                P_UnsetThingPosition
                0x000000000041cb1c                P_SetThingPosition
                0x000000000041cca0                P_BlockLinesIterator
                0x000000000041cda2                P_BlockThingsIterator
                0x000000000041ce39                PIT_AddLineIntercepts
                0x000000000041cfe5                PIT_AddThingIntercepts
                0x000000000041d18e                P_TraverseIntercepts
                0x000000000041d409                P_PathTraverse
 .text          0x000000000041d739     0x1d0a build/p_mobj.o
                0x000000000041d739                P_SetMobjState
                0x000000000041d80a                P_ExplodeMissile
                0x000000000041d8ef                P_XYMovement
                0x000000000041dd3e                P_ZMovement
                0x000000000041e0ef                P_NightmareRespawn
                0x000000000041e2a8                P_MobjThinker
                0x000000000041e40d                P_SpawnMobj
                0x000000000041e606                P_RemoveMobj
                0x000000000041e706                P_RespawnSpecials
                0x000000000041e8b7                P_SpawnPlayer
                0x000000000041ead9                P_SpawnMapThing
                0x000000000041ee45                P_SpawnPuff
                0x000000000041eef6                P_SpawnBlood
                0x000000000041efc2                P_CheckMissileSpawn
                0x000000000041f086                P_SubstNullMobj
                0x000000000041f0cb                P_SpawnMissile
                0x000000000041f288                P_SpawnPlayerMissile
 .text          0x000000000041f443      0x848 build/p_plats.o
                0x000000000041f443                T_PlatRaise
                0x000000000041f6a1                EV_DoPlat
                0x000000000041fa70                P_ActivateInStasis
                0x000000000041faff                EV_StopPlat
                0x000000000041fbb2                P_AddActivePlat
                0x000000000041fc07                P_RemoveActivePlat
 .text          0x000000000041fc8b     0x15ae build/p_pspr.o
                0x000000000041fc8b                P_SetPsprite
                0x000000000041fd90                P_CalcSwing
                0x000000000041fe11                P_BringUpWeapon
                0x000000000041feb7                P_CheckAmmo
                0x0000000000420106                P_FireWeapon
                0x0000000000420189                P_DropWeapon
                0x00000000004201c9                A_WeaponReady
                0x0000000000420377                A_ReFire
                0x00000000004203f6                A_CheckReload
                0x0000000000420415                A_Lower
                0x00000000004204a5                A_Raise
                0x000000000042051c                A_GunFlash
                0x0000000000420574                A_Punch
                0x0000000000420698                A_Saw
                0x00000000004208e7                A_FireMissile
                0x0000000000420941                A_FireBFG
                0x000000000042099b                A_FirePlasma
                0x0000000000420a35                P_BulletSlope
                0x0000000000420ac8                P_GunShot
                0x0000000000420b5f                A_FirePistol
                0x0000000000420c30                A_FireShotgun
                0x0000000000420d06                A_FireShotgun2
                0x0000000000420e69                A_FireCGun
                0x0000000000420fa6                A_Light0
                0x0000000000420fc3                A_Light1
                0x0000000000420fe0                A_Light2
                0x0000000000420ffd                A_BFGSpray
                0x00000000004210fa                A_BFGsound
                0x0000000000421121                P_SetupPsprites
                0x0000000000421187                P_MovePsprites
 .text          0x0000000000421239     0x26c1 build/p_saveg.o
                0x0000000000421239                P_TempSaveGameFile
                0x0000000000421277                P_SaveGameFile
                0x0000000000422b48                P_WriteSaveGameHeader
                0x0000000000422c98                P_ReadSaveGameHeader
                0x0000000000422dc4                P_ReadSaveGameEOF
                0x0000000000422de3                P_WriteSaveGameEOF
                0x0000000000422df4                P_ArchivePlayers
                0x0000000000422e54                P_UnArchivePlayers
                0x0000000000422f37                P_ArchiveWorld
                0x0000000000423100                P_UnArchiveWorld
                0x00000000004232bf                P_ArchiveThinkers
                0x0000000000423323                P_UnArchiveThinkers
                0x0000000000423477                P_ArchiveSpecials
                0x000000000042365e                P_UnArchiveSpecials
 .text          0x00000000004238fa     0x179b build/p_setup.o
                0x00000000004238fa                P_LoadVertexes
                0x00000000004239b9                GetSectorAtNullAddress
                0x0000000000423a14                P_LoadSegs
                0x0000000000423c9c                P_LoadSubsectors
                0x0000000000423d75                P_LoadSectors
                0x0000000000423ede                P_LoadNodes
                0x0000000000424070                P_LoadThings
                0x0000000000424181                P_LoadLineDefs
                0x00000000004244c5                P_LoadSideDefs
                0x0000000000424640                P_LoadBlockMap
                0x000000000042478e                P_GroupLines
                0x0000000000424d6a                P_SetupLevel
                0x000000000042507a                P_Init
 .text          0x0000000000425095      0x7a5 build/p_sight.o
                0x0000000000425095                P_DivlineSide
                0x00000000004251b6                P_InterceptVector2
                0x000000000042527b                P_CrossSubsector
                0x000000000042559e                P_CrossBSPNode
                0x000000000042569c                P_CheckSight
 .text          0x000000000042583a     0x1c5a build/p_spec.o
                0x000000000042583a                P_InitPicAnims
                0x0000000000425a22                getSide
                0x0000000000425a83                getSector
                0x0000000000425ae8                twoSided
                0x0000000000425b24                getNextSector
                0x0000000000425b69                P_FindLowestFloorSurrounding
                0x0000000000425bed                P_FindHighestFloorSurrounding
                0x0000000000425c6f                P_FindNextHighestFloor
                0x0000000000425d8b                P_FindLowestCeilingSurrounding
                0x0000000000425e0f                P_FindHighestCeilingSurrounding
                0x0000000000425e93                P_FindSectorFromLineTag
                0x0000000000425ee9                P_FindMinSurroundingLight
                0x0000000000425f73                P_CrossSpecialLine
                0x0000000000426864                P_ShootSpecialLine
                0x000000000042693e                P_PlayerInSpecialSector
                0x0000000000426b10                P_UpdateSpecials
                0x0000000000426f64                EV_DoDonut
                0x00000000004271cd                P_SpawnSpecials
 .text          0x0000000000427494      0xfde build/p_switch.o
                0x0000000000427494                P_InitSwitchList
                0x00000000004275d8                P_StartButton
                0x00000000004276ea                P_ChangeSwitchTexture
                0x0000000000427975                P_UseSpecialLine
 .text          0x0000000000428472      0x2cb build/p_telept.o
                0x0000000000428472                EV_Teleport
 .text          0x000000000042873d      0x1e0 build/p_tick.o
                0x000000000042873d                P_InitThinkers
                0x000000000042875d                P_AddThinker
                0x000000000042879c                P_RemoveThinker
                0x00000000004287b3                P_AllocateThinker
                0x00000000004287be                P_RunThinkers
                0x000000000042884c                P_Ticker
 .text          0x000000000042891d      0x9c1 build/p_user.o
                0x000000000042891d                P_Thrust
                0x000000000042899b                P_CalcHeight
                0x0000000000428bde                P_MovePlayer
                0x0000000000428d00                P_DeathThink
                0x0000000000428ed3                P_PlayerThink
 .text          0x00000000004292de      0xa59 build/r_bsp.o
                0x00000000004292de                R_ClearDrawSegs
                0x00000000004292f0                R_ClipSolidWallSegment
                0x0000000000429498                R_ClipPassWallSegment
                0x0000000000429577                R_ClearClipSegs
                0x00000000004295b4                R_AddLine
                0x000000000042981b                R_CheckBBox
                0x0000000000429ac0                R_Subsector
                0x0000000000429c50                R_RenderBSPNode
 .text          0x0000000000429d37     0x16d1 build/r_data.o
                0x0000000000429d37                R_DrawColumnInCache
                0x0000000000429df5                R_GenerateComposite
                0x0000000000429fdc                R_GenerateLookup
                0x000000000042a2de                R_GetColumn
                0x000000000042a4f4                R_InitTextures
                0x000000000042aba8                R_InitFlats
                0x000000000042ac46                R_InitSpriteLumps
                0x000000000042adb0                R_InitColormaps
                0x000000000042adde                R_InitData
                0x000000000042ae26                R_FlatNumForName
                0x000000000042ae88                R_CheckTextureNumForName
                0x000000000042af22                R_TextureNumForName
                0x000000000042af5e                R_PrecacheLevel
 .text          0x000000000042b408     0x1143 build/r_draw.o
                0x000000000042b408                R_DrawColumn
                0x000000000042b50f                R_DrawColumnLow
                0x000000000042b65b                R_DrawFuzzColumn
                0x000000000042b7c6                R_DrawFuzzColumnLow
                0x000000000042b9a3                R_DrawTranslatedColumn
                0x000000000042bab6                R_DrawTranslatedColumnLow
                0x000000000042bc3a                R_InitTranslationTables
                0x000000000042bd3d                R_DrawSpan
                0x000000000042be7d                R_DrawSpanLow
                0x000000000042c00e                R_InitBuffer
                0x000000000042c0c1                R_FillBackScreen
                0x000000000042c3f8                R_VideoErase
                0x000000000042c440                R_DrawViewBorder
 .text          0x000000000042c54b      0xf42 build/r_main.o
                0x000000000042c54b                R_AddPointToBox
                0x000000000042c5c4                R_PointOnSide
                0x000000000042c6ee                R_PointOnSegSide
                0x000000000042c80b                R_PointToAngle
                0x000000000042c982                R_PointToAngle2
                0x000000000042c9b9                R_PointToDist
                0x000000000042ca66                R_InitPointToAngle
                0x000000000042ca6d                R_ScaleFromGlobalAngle
                0x000000000042cb49                R_InitTables
                0x000000000042cb50                R_InitTextureMapping
                0x000000000042cd1e                R_InitLightTables
                0x000000000042cde3                R_SetViewSize
                0x000000000042ce0c                R_ExecuteSetViewSize
                0x000000000042d1a7                R_Init
                0x000000000042d24a                R_PointInSubsector
                0x000000000042d2f7                R_SetupFrame
                0x000000000042d430                R_RenderPlayerView
 .text          0x000000000042d48d      0x97e build/r_plane.o
                0x000000000042d48d                R_InitPlanes
                0x000000000042d494                R_MapPlane
                0x000000000042d6e2                R_ClearPlanes
                0x000000000042d7ad                R_FindPlane
                0x000000000042d8bd                R_CheckPlane
                0x000000000042d9f4                R_MakeSpans
                0x000000000042dac1                R_DrawPlanes
 .text          0x000000000042de0b     0x16b2 build/r_segs.o
                0x000000000042de0b                R_RenderMaskedSegRange
                0x000000000042e189                R_RenderSegLoop
                0x000000000042e6d3                R_StoreWallRange
 .text          0x000000000042f4bd       0x11 build/r_sky.o
                0x000000000042f4bd                R_InitSkyMap
 .text          0x000000000042f4ce     0x1980 build/r_things.o
                0x000000000042f4ce                R_InstallSpriteLump
                0x000000000042f72a                R_InitSpriteDefs
                0x000000000042fb3d                R_InitSprites
                0x000000000042fb7d                R_ClearSprites
                0x000000000042fb8f                R_NewVisSprite
                0x000000000042fbc8                R_DrawMaskedColumn
                0x000000000042fd3e                R_DrawVisSprite
                0x000000000042feed                R_ProjectSprite
                0x0000000000430383                R_AddSprites
                0x0000000000430443                R_DrawPSprite
                0x00000000004307aa                R_DrawPlayerSprites
                0x000000000043087a                R_SortVisSprites
                0x0000000000430a0d                R_DrawSprite
                0x0000000000430da8                R_DrawMasked
 .text          0x0000000000430e4e     0x1d1f build/sha1.o
                0x0000000000430e4e                SHA1_Init
                0x0000000000432582                SHA1_Update
                0x00000000004326e6                SHA1_Final
                0x0000000000432aec                SHA1_UpdateInt32
                0x0000000000432b37                SHA1_UpdateString
 .text          0x0000000000432b6d       0x7b build/statdump.o
                0x0000000000432b6d                StatCopy
                0x0000000000432be1                StatDump
 .text          0x0000000000432be8      0x6d4 build/st_lib.o
                0x0000000000432be8                STlib_init
                0x0000000000432c05                STlib_initNum
                0x0000000000432c6e                STlib_drawNum
                0x0000000000432e76                STlib_updateNum
                0x0000000000432ea7                STlib_initPercent
                0x0000000000432efe                STlib_updatePercent
                0x0000000000432f53                STlib_initMultIcon
                0x0000000000432fb2                STlib_updateMultIcon
                0x0000000000433142                STlib_initBinIcon
                0x00000000004331a1                STlib_updateBinIcon
 .text          0x00000000004332bc     0x1dd5 build/st_stuff.o
                0x00000000004332bc                ST_refreshBackground
                0x0000000000433358                ST_Responder
                0x0000000000433bbf                ST_calcPainOffset
                0x0000000000433c2a                ST_updateFaceWidget
                0x000000000043405d                ST_updateWidgets
                0x0000000000434254                ST_Ticker
                0x000000000043428a                ST_doPaletteStuff
                0x00000000004343d3                ST_drawWidgets
                0x000000000043455c                ST_doRefresh
                0x000000000043457c                ST_diffDraw
                0x000000000043458d                ST_Drawer
                0x0000000000434a19                ST_loadGraphics
                0x0000000000434a2a                ST_loadData
                0x0000000000434a70                ST_unloadGraphics
                0x0000000000434a81                ST_unloadData
                0x0000000000434a8d                ST_initData
                0x0000000000434b8f                ST_createWidgets
                0x0000000000435009                ST_Start
                0x0000000000435033                ST_Stop
                0x000000000043506a                ST_Init
 .text          0x0000000000435091      0xc55 build/s_sound.o
                0x0000000000435091                S_Init
                0x000000000043518f                S_Shutdown
                0x0000000000435269                S_Start
                0x000000000043536c                S_StopSound
                0x00000000004356d9                S_StartSound
                0x0000000000435911                S_PauseSound
                0x000000000043593d                S_ResumeSound
                0x0000000000435969                S_UpdateSounds
                0x0000000000435ab5                S_SetMusicVolume
                0x0000000000435aed                S_SetSfxVolume
                0x0000000000435b24                S_StartMusic
                0x0000000000435b41                S_ChangeMusic
                0x0000000000435c76                S_MusicPlaying
                0x0000000000435c81                S_StopMusic
 .text          0x0000000000435ce6       0x47 build/tables.o
                0x0000000000435ce6                SlopeDiv
 .text          0x0000000000435d2d     0x1414 build/v_video.o
                0x0000000000435d2d                V_MarkRect
                0x0000000000435d8b                V_CopyRect
                0x0000000000435ea0                V_SetPatchClipCallback
                0x0000000000435eb6                V_DrawPatch
                0x00000000004360bd                V_DrawPatchFlipped
                0x0000000000436289                V_DrawPatchDirect
                0x00000000004362b1                V_DrawTLPatch
                0x000000000043644b                V_DrawXlaPatch
                0x00000000004365c6                V_DrawAltTLPatch
                0x0000000000436760                V_DrawShadowedPatch
                0x0000000000436955                V_LoadTintTable
                0x0000000000436972                V_LoadXlaTable
                0x000000000043698f                V_DrawBlock
                0x0000000000436a56                V_DrawFilledBox
                0x0000000000436adf                V_DrawHorizLine
                0x0000000000436b3f                V_DrawVertLine
                0x0000000000436ba1                V_DrawBox
                0x0000000000436c18                V_DrawRawScreen
                0x0000000000436c42                V_Init
                0x0000000000436c49                V_UseBuffer
                0x0000000000436c5f                V_RestoreBuffer
                0x0000000000436c74                WritePCXfile
                0x0000000000436e65                V_ScreenShot
                0x0000000000436f0d                V_DrawMouseSpeedBox
 .text          0x0000000000437141     0x2f60 build/wi_stuff.o
                0x0000000000437141                WI_slamBackground
                0x0000000000437161                WI_Responder
                0x0000000000437170                WI_drawLF
                0x00000000004372fe                WI_drawEL
                0x00000000004373d9                WI_drawOnLnode
                0x00000000004375be                WI_initAnimatedBack
                0x00000000004376e2                WI_updateAnimatedBack
                0x00000000004378dd                WI_drawAnimatedBack
                0x000000000043799c                WI_drawNum
                0x0000000000437acc                WI_drawPercent
                0x0000000000437b13                WI_drawTime
                0x0000000000437c01                WI_End
                0x0000000000437c0d                WI_initNoState
                0x0000000000437c32                WI_updateNoState
                0x0000000000437c5c                WI_initShowNextLoc
                0x0000000000437c86                WI_updateShowNextLoc
                0x0000000000437cd5                WI_drawShowNextLoc
                0x0000000000437dbb                WI_drawNoState
                0x0000000000437dd1                WI_fragSum
                0x0000000000437e6d                WI_initDeathmatchStats
                0x0000000000437f18                WI_updateDeathmatchStats
                0x0000000000438309                WI_drawDeathmatchStats
                0x000000000043858c                WI_initNetgameStats
                0x0000000000438675                WI_updateNetgameStats
                0x0000000000438cd9                WI_drawNetgameStats
                0x0000000000438ffd                WI_initStats
                0x0000000000439069                WI_updateStats
                0x000000000043966f                WI_drawStats
                0x00000000004397b9                WI_checkForAccelerate
                0x000000000043988f                WI_Ticker
                0x0000000000439e55                WI_loadData
                0x0000000000439f0f                WI_unloadData
                0x0000000000439f20                WI_Drawer
                0x0000000000439f76                WI_initVariables
                0x000000000043a05a                WI_Start
 .text          0x000000000043a0a1      0x1b4 build/w_checksum.o
                0x000000000043a1da                W_Checksum
 .text          0x000000000043a255       0xd0 build/w_file.o
                0x000000000043a255                W_OpenFile
                0x000000000043a2c9                W_CloseFile
                0x000000000043a2ec                W_Read
 .text          0x000000000043a325       0xa7 build/w_main.o
                0x000000000043a325                W_ParseCommandLine
 .text          0x000000000043a3cc      0xad1 build/w_wad.o
                0x000000000043a3cc                W_LumpNameHash
                0x000000000043a60a                W_AddFile
                0x000000000043a867                W_NumLumps
                0x000000000043a873                W_CheckNumForName
                0x000000000043a97c                W_GetNumForName
                0x000000000043a9b8                W_LumpLength
                0x000000000043aa02                W_ReadLump
                0x000000000043aab0                W_CacheLumpNum
                0x000000000043abc2                W_CacheLumpName
                0x000000000043abed                W_ReleaseLumpNum
                0x000000000043ac6e                W_ReleaseLumpName
                0x000000000043ac90                W_GenerateHashTable
                0x000000000043adc3                W_CheckCorrectIWAD
 .text          0x000000000043ae9d      0x9cb build/z_zone.o
                0x000000000043ae9d                Z_ClearZone
                0x000000000043af2f                Z_Init
                0x000000000043aff7                Z_Free
                0x000000000043b159                Z_Malloc
                0x000000000043b36e                Z_FreeTags
                0x000000000043b3ed                Z_DumpHeap
                0x000000000043b531                Z_FileDumpHeap
                0x000000000043b665                Z_CheckHeap
                0x000000000043b725                Z_ChangeTag2
                0x000000000043b7a7                Z_ChangeUser
                0x000000000043b7fa                Z_FreeMemory
                0x000000000043b859                Z_ZoneSize
 .text          0x000000000043b868      0x119 build/w_file_stdc.o
                0x000000000043b920                W_StdC_Read
 .text          0x000000000043b981      0x15e build/i_input.o
                0x000000000043ba15                I_GetEvent
                0x000000000043bad8                I_InitInput
 .text          0x000000000043badf      0x7e9 build/i_video.o
                0x000000000043badf                cmap_to_rgb565
                0x000000000043bb8b                cmap_to_fb
                0x000000000043bcb9                I_InitGraphics
                0x000000000043befa                I_ShutdownGraphics
                0x000000000043bf10                I_StartFrame
                0x000000000043bf17                I_StartTic
                0x000000000043bf23                I_UpdateNoBlit
                0x000000000043bf2a                I_FinishUpdate
                0x000000000043c055                I_ReadScreen
                0x000000000043c07f                I_SetPalette
                0x000000000043c160                I_GetPaletteIndex
                0x000000000043c26e                I_BeginRead
                0x000000000043c275                I_EndRead
                0x000000000043c27c                I_SetWindowTitle
                0x000000000043c297                I_GraphicsCheckCommandLine
                0x000000000043c29e                I_SetGrabMouseCallback
                0x000000000043c2a9                I_EnableLoadingDisk
                0x000000000043c2b0                I_BindVideoVariables
                0x000000000043c2b7                I_DisplayFPSDots
                0x000000000043c2c1                I_CheckIsScreensaver
 .text          0x000000000043c2c8       0x4b build/doomgeneric.o
                0x000000000043c2c8                doomgeneric_Create
 .text          0x000000000043c313      0x209 build/doomgeneric_tacos.o
                0x000000000043c33e                get_fb_info
                0x000000000043c366                DG_Init
                0x000000000043c413                DG_DrawFrame
                0x000000000043c4a4                DG_SleepMs
                0x000000000043c4ae                DG_GetTicksMs
                0x000000000043c4c3                DG_GetKey
                0x000000000043c4d6                DG_SetWindowTitle
                0x000000000043c4e1                main
 .text          0x000000000043c51c       0xb0 build/../../../TacOS/libc/bin/tacoc.a(ctype.o)
                0x000000000043c51c                isalpha
                0x000000000043c549                toupper
                0x000000000043c56d                tolower
                0x000000000043c591                isspace
 .text          0x000000000043c5cc       0x98 build/../../../TacOS/libc/bin/tacoc.a(mman.o)
                0x000000000043c610                mmap
 .text          0x000000000043c664       0x50 build/../../../TacOS/libc/bin/tacoc.a(stat.o)
                0x000000000043c68f                mkdir
 .text          0x000000000043c6b4     0x4f8c build/../../../TacOS/libc/bin/tacoc.a(stdio.o)
                0x000000000043c6b4                set_separators
                0x000000000043c7ed                vsprintfcb
                0x000000000043f0eb                sprintf
                0x000000000043f2e1                vsnprintf
                0x000000000043f417                snprintf
                0x000000000043f4cd                vsprintf
                0x0000000000440bb3                init_streams
                0x0000000000440c7a                remove
                0x0000000000440c99                rename
                0x0000000000440cc4                open
                0x0000000000440cf3                close
                0x0000000000440d12                write
                0x0000000000440d43                read
                0x0000000000440d74                puts
                0x0000000000440db7                vfprintf
                0x0000000000440e5b                printf
                0x0000000000440f19                fprintf
                0x0000000000440fcd                putchar
                0x00000000004410b7                fopen
                0x0000000000441152                fclose
                0x00000000004411c6                fwrite
                0x00000000004413c9                fputs
                0x0000000000441407                fgets
                0x000000000044143e                fflush
                0x000000000044147d                setvbuf
                0x00000000004414bc                fread
                0x00000000004414f6                sscanf
                0x0000000000441570                __isoc99_sscanf
                0x00000000004415ea                ftell
                0x000000000044160f                fseek
 .text          0x0000000000441640      0x630 build/../../../TacOS/libc/bin/tacoc.a(stdlib.o)
                0x0000000000441663                exit
                0x0000000000441691                create_pool
                0x00000000004416f7                split_pool
                0x00000000004417a8                heap_grow
                0x0000000000441872                atof
                0x000000000044189c                atoi
                0x0000000000441971                abort
                0x000000000044197f                system
                0x00000000004419ad                init_environ
                0x0000000000441a3f                get_env_idx
                0x0000000000441ab5                getenv
                0x0000000000441b18                setenv
                0x0000000000441c5d                abs
 .text          0x0000000000441c70      0x4c4 build/../../../TacOS/libc/bin/tacoc.a(string.o)
                0x0000000000441c70                strlen
                0x0000000000441c9f                strcmp
                0x0000000000441cee                memcmp
                0x0000000000441d5e                strncmp
                0x0000000000441dc8                memset
                0x0000000000441dfb                strncpy
                0x0000000000441e76                strcpy
                0x0000000000441eab                memcpy
                0x0000000000441ee7                memmove
                0x0000000000441f8a                strrchr
                0x0000000000441fe9                strchr
                0x000000000044203f                memchr
                0x0000000000442090                strstr
                0x00000000004420d9                strdup
 .text          0x0000000000442134      0x130 build/../../../TacOS/libc/bin/tacoc.a(strings.o)
                0x0000000000442134                strcasecmp
                0x00000000004421b4                strncasecmp
 .text          0x0000000000442264      0x339 build/../../../TacOS/libc/bin/tacoc.a(unistd.o)
                0x00000000004422ca                __stack_chk_fail
                0x00000000004422d0                sbrk
                0x00000000004422ef                lseek
                0x000000000044231a                fork
                0x000000000044232a                execve
                0x000000000044235a                execvp
                0x0000000000442557                chdir
                0x0000000000442576                getcwd
 .text          0x000000000044259d       0x38 build/../../../TacOS/libc/bin/tacoc.a(math.o)
                0x000000000044259d                fabs
 .text          0x00000000004425d5      0xa09 build/../../../TacOS/libc/bin/tacoc.a(liballoc.o)
                0x0000000000442600                liballoc_free
                0x0000000000442b1f                malloc
                0x0000000000442d0a                free
                0x0000000000442ed5                calloc
                0x0000000000442f23                realloc
 *fill*         0x0000000000442fde        0x2 
 .text          0x0000000000442fe0       0x65 build/../../../TacOS/libc/bin/crt0.o
                0x0000000000442fe0                _start
 *(.gnu.warning)

.fini
 *(SORT_NONE(.fini))
                [!provide]                        PROVIDE (__etext = .)
                [!provide]                        PROVIDE (_etext = .)
                [!provide]                        PROVIDE (etext = .)
                0x0000000000444000                . = ALIGN (CONSTANT (MAXPAGESIZE))
                0x0000000000444000                . = SEGMENT_START ("rodata-segment", (ALIGN (CONSTANT (MAXPAGESIZE)) + (. & (CONSTANT (MAXPAGESIZE) - 0x1))))

.rodata         0x0000000000444000    0x1a58b
 *(.rodata .rodata.* .gnu.linkonce.r.*)
 .rodata        0x0000000000444000       0x67 build/am_map.o
 *fill*         0x0000000000444067        0x1 
 .rodata        0x0000000000444068      0x363 build/dstrings.o
 *fill*         0x00000000004443cb       0x15 
 .rodata        0x00000000004443e0      0x338 build/d_iwad.o
 .rodata        0x0000000000444718       0x6f build/d_loop.o
 *fill*         0x0000000000444787       0x19 
 .rodata        0x00000000004447a0     0x1030 build/d_main.o
 .rodata        0x00000000004457d0       0x88 build/d_mode.o
 .rodata        0x0000000000445858      0x17d build/d_net.o
 *fill*         0x00000000004459d5        0x3 
 .rodata        0x00000000004459d8     0x20dd build/f_finale.o
 *fill*         0x0000000000447ab5        0xb 
 .rodata        0x0000000000447ac0      0x458 build/g_game.o
 .rodata        0x0000000000447f18      0xc19 build/hu_stuff.o
 .rodata        0x0000000000448b31      0x2b2 build/info.o
 .rodata        0x0000000000448de3       0xa7 build/i_joystick.o
 .rodata        0x0000000000448e8a       0x9f build/i_sound.o
 *fill*         0x0000000000448f29        0x7 
 .rodata        0x0000000000448f30      0x266 build/i_system.o
 *fill*         0x0000000000449196        0xa 
 .rodata        0x00000000004491a0      0xe43 build/m_config.o
 .rodata        0x0000000000449fe3      0x630 build/m_controls.o
 *fill*         0x000000000044a613        0x5 
 .rodata        0x000000000044a618      0x437 build/m_menu.o
 *fill*         0x000000000044aa4f        0x1 
 .rodata        0x000000000044aa50       0xf5 build/m_misc.o
 *fill*         0x000000000044ab45       0x1b 
 .rodata        0x000000000044ab60      0x100 build/m_random.o
 .rodata        0x000000000044ac60       0x60 build/p_ceilng.o
 .rodata        0x000000000044acc0      0x1c7 build/p_doors.o
 *fill*         0x000000000044ae87        0x1 
 .rodata        0x000000000044ae88       0x3d build/p_enemy.o
 *fill*         0x000000000044aec5        0x3 
 .rodata        0x000000000044aec8       0x68 build/p_floor.o
 .rodata        0x000000000044af30      0x528 build/p_inter.o
 .rodata        0x000000000044b458       0x72 build/p_map.o
 *fill*         0x000000000044b4ca        0x6 
 .rodata        0x000000000044b4d0       0x2d build/p_mobj.o
 *fill*         0x000000000044b4fd        0x3 
 .rodata        0x000000000044b500       0x6d build/p_plats.o
 *fill*         0x000000000044b56d        0x3 
 .rodata        0x000000000044b570      0x130 build/p_saveg.o
 .rodata        0x000000000044b6a0       0x5a build/p_setup.o
 *fill*         0x000000000044b6fa        0x6 
 .rodata        0x000000000044b700       0x28 build/p_sight.o
 .rodata        0x000000000044b728      0x7b8 build/p_spec.o
 .rodata        0x000000000044bee0      0x448 build/p_switch.o
 .rodata        0x000000000044c328       0x23 build/r_bsp.o
 *fill*         0x000000000044c34b        0x5 
 .rodata        0x000000000044c350      0x14a build/r_data.o
 *fill*         0x000000000044c49a        0x6 
 .rodata        0x000000000044c4a0       0xa9 build/r_draw.o
 .rodata        0x000000000044c549        0x2 build/r_main.o
 *fill*         0x000000000044c54b        0x5 
 .rodata        0x000000000044c550       0xb4 build/r_plane.o
 *fill*         0x000000000044c604        0x4 
 .rodata        0x000000000044c608       0x20 build/r_segs.o
 .rodata        0x000000000044c628      0x1e7 build/r_things.o
 .rodata        0x000000000044c80f      0x191 build/sounds.o
 .rodata        0x000000000044c9a0       0x6e build/statdump.o
 .rodata        0x000000000044ca0e       0x5b build/st_lib.o
 *fill*         0x000000000044ca69        0x7 
 .rodata        0x000000000044ca70      0x1bb build/st_stuff.o
 *fill*         0x000000000044cc2b        0x5 
 .rodata        0x000000000044cc30       0x71 build/s_sound.o
 *fill*         0x000000000044cca1       0x1f 
 .rodata        0x000000000044ccc0    0x10520 build/tables.o
                0x000000000044ccc0                finetangent
                0x0000000000450cc0                finesine
                0x000000000045acc0                tantoangle
                0x000000000045cce0                gammatable
 .rodata        0x000000000045d1e0      0x118 build/v_video.o
 .rodata        0x000000000045d2f8      0x10b build/wi_stuff.o
 .rodata        0x000000000045d403        0x6 build/w_file.o
 .rodata        0x000000000045d409       0x12 build/w_main.o
 *fill*         0x000000000045d41b        0x5 
 .rodata        0x000000000045d420      0x230 build/w_wad.o
 .rodata        0x000000000045d650      0x2ce build/z_zone.o
 .rodata        0x000000000045d91e        0x3 build/w_file_stdc.o
 *fill*         0x000000000045d921       0x1f 
 .rodata        0x000000000045d940      0x100 build/i_input.o
 .rodata        0x000000000045da40      0x19c build/i_video.o
 *fill*         0x000000000045dbdc        0x4 
 .rodata        0x000000000045dbe0       0x8d build/doomgeneric_tacos.o
 *fill*         0x000000000045dc6d       0x13 
 .rodata        0x000000000045dc80      0x820 build/../../../TacOS/libc/bin/tacoc.a(stdio.o)
 .rodata        0x000000000045e4a0       0x76 build/../../../TacOS/libc/bin/tacoc.a(stdlib.o)
 *fill*         0x000000000045e516        0x2 
 .rodata        0x000000000045e518       0x73 build/../../../TacOS/libc/bin/tacoc.a(unistd.o)

.rodata1
 *(.rodata1)

.eh_frame_hdr
 *(.eh_frame_hdr)
 *(.eh_frame_entry .eh_frame_entry.*)

.eh_frame       0x000000000045e590     0x8230
 *(.eh_frame)
 .eh_frame      0x000000000045e590        0x0 build/dummy.o
                                         0x38 (size before relaxing)
 .eh_frame      0x000000000045e590      0x478 build/am_map.o
 .eh_frame      0x000000000045ea08       0x40 build/d_event.o
                                         0x58 (size before relaxing)
 .eh_frame      0x000000000045ea48      0x1a0 build/d_iwad.o
                                        0x1b8 (size before relaxing)
 .eh_frame      0x000000000045ebe8      0x200 build/d_loop.o
                                        0x218 (size before relaxing)
 .eh_frame      0x000000000045ede8      0x2a0 build/d_main.o
                                        0x2b8 (size before relaxing)
 .eh_frame      0x000000000045f088       0xc0 build/d_mode.o
                                         0xd8 (size before relaxing)
 .eh_frame      0x000000000045f148       0xe0 build/d_net.o
                                         0xf8 (size before relaxing)
 .eh_frame      0x000000000045f228      0x1a8 build/f_finale.o
                                        0x1c0 (size before relaxing)
 .eh_frame      0x000000000045f3d0      0x140 build/f_wipe.o
                                        0x158 (size before relaxing)
 .eh_frame      0x000000000045f510      0x4e8 build/g_game.o
                                        0x500 (size before relaxing)
 .eh_frame      0x000000000045f9f8      0x280 build/hu_lib.o
                                        0x298 (size before relaxing)
 .eh_frame      0x000000000045fc78      0x120 build/hu_stuff.o
                                        0x138 (size before relaxing)
 .eh_frame      0x000000000045fd98        0x0 build/i_cdmus.o
                                        0x138 (size before relaxing)
 .eh_frame      0x000000000045fd98       0x20 build/i_endoom.o
                                         0x38 (size before relaxing)
 .eh_frame      0x000000000045fdb8       0x80 build/i_joystick.o
                                         0x98 (size before relaxing)
 .eh_frame      0x000000000045fe38        0x0 build/i_scale.o
                                        0x458 (size before relaxing)
 .eh_frame      0x000000000045fe38      0x300 build/i_sound.o
                                        0x318 (size before relaxing)
 .eh_frame      0x0000000000460138      0x1c0 build/i_system.o
                                        0x1d8 (size before relaxing)
 .eh_frame      0x00000000004602f8       0xc0 build/i_timer.o
                                         0xd8 (size before relaxing)
 .eh_frame      0x00000000004603b8        0x0 build/memio.o
                                        0x118 (size before relaxing)
 .eh_frame      0x00000000004603b8       0xc0 build/m_argv.o
                                         0xd8 (size before relaxing)
 .eh_frame      0x0000000000460478       0x40 build/m_bbox.o
                                         0x58 (size before relaxing)
 .eh_frame      0x00000000004604b8       0x48 build/m_cheat.o
                                         0x60 (size before relaxing)
 .eh_frame      0x0000000000460500      0x248 build/m_config.o
                                        0x260 (size before relaxing)
 .eh_frame      0x0000000000460748      0x120 build/m_controls.o
                                        0x138 (size before relaxing)
 .eh_frame      0x0000000000460868       0x48 build/m_fixed.o
                                         0x60 (size before relaxing)
 .eh_frame      0x00000000004608b0      0x708 build/m_menu.o
                                        0x720 (size before relaxing)
 .eh_frame      0x0000000000460fb8      0x268 build/m_misc.o
                                        0x280 (size before relaxing)
 .eh_frame      0x0000000000461220       0x60 build/m_random.o
                                         0x78 (size before relaxing)
 .eh_frame      0x0000000000461280       0xc0 build/p_ceilng.o
                                         0xd8 (size before relaxing)
 .eh_frame      0x0000000000461340       0xc0 build/p_doors.o
                                         0xd8 (size before relaxing)
 .eh_frame      0x0000000000461400      0x848 build/p_enemy.o
                                        0x860 (size before relaxing)
 .eh_frame      0x0000000000461c48       0x80 build/p_floor.o
                                         0x98 (size before relaxing)
 .eh_frame      0x0000000000461cc8      0x120 build/p_inter.o
                                        0x138 (size before relaxing)
 .eh_frame      0x0000000000461de8      0x160 build/p_lights.o
                                        0x178 (size before relaxing)
 .eh_frame      0x0000000000461f48      0x2a8 build/p_map.o
                                        0x2c0 (size before relaxing)
 .eh_frame      0x00000000004621f0      0x228 build/p_maputl.o
                                        0x240 (size before relaxing)
 .eh_frame      0x0000000000462418      0x230 build/p_mobj.o
                                        0x248 (size before relaxing)
 .eh_frame      0x0000000000462648       0xc0 build/p_plats.o
                                         0xd8 (size before relaxing)
 .eh_frame      0x0000000000462708      0x3f8 build/p_pspr.o
                                        0x410 (size before relaxing)
 .eh_frame      0x0000000000462b00      0x680 build/p_saveg.o
                                        0x698 (size before relaxing)
 .eh_frame      0x0000000000463180      0x1e0 build/p_setup.o
                                        0x1f8 (size before relaxing)
 .eh_frame      0x0000000000463360       0xa8 build/p_sight.o
                                         0xc0 (size before relaxing)
 .eh_frame      0x0000000000463408      0x268 build/p_spec.o
                                        0x280 (size before relaxing)
 .eh_frame      0x0000000000463670       0x88 build/p_switch.o
                                         0xa0 (size before relaxing)
 .eh_frame      0x00000000004636f8       0x20 build/p_telept.o
                                         0x38 (size before relaxing)
 .eh_frame      0x0000000000463718       0xc0 build/p_tick.o
                                         0xd8 (size before relaxing)
 .eh_frame      0x00000000004637d8       0xa8 build/p_user.o
                                         0xc0 (size before relaxing)
 .eh_frame      0x0000000000463880      0x100 build/r_bsp.o
                                        0x118 (size before relaxing)
 .eh_frame      0x0000000000463980      0x1c8 build/r_data.o
                                        0x1e0 (size before relaxing)
 .eh_frame      0x0000000000463b48      0x1a0 build/r_draw.o
                                        0x1b8 (size before relaxing)
 .eh_frame      0x0000000000463ce8      0x220 build/r_main.o
                                        0x238 (size before relaxing)
 .eh_frame      0x0000000000463f08       0xe8 build/r_plane.o
                                        0x100 (size before relaxing)
 .eh_frame      0x0000000000463ff0       0x70 build/r_segs.o
                                         0x88 (size before relaxing)
 .eh_frame      0x0000000000464060       0x20 build/r_sky.o
                                         0x38 (size before relaxing)
 .eh_frame      0x0000000000464080      0x1c8 build/r_things.o
                                        0x1e0 (size before relaxing)
 .eh_frame      0x0000000000464248       0xc0 build/sha1.o
                                         0xd8 (size before relaxing)
 .eh_frame      0x0000000000464308       0x40 build/statdump.o
                                         0x58 (size before relaxing)
 .eh_frame      0x0000000000464348      0x140 build/st_lib.o
                                        0x158 (size before relaxing)
 .eh_frame      0x0000000000464488      0x2e0 build/st_stuff.o
                                        0x2f8 (size before relaxing)
 .eh_frame      0x0000000000464768      0x228 build/s_sound.o
                                        0x240 (size before relaxing)
 .eh_frame      0x0000000000464990       0x20 build/tables.o
                                         0x38 (size before relaxing)
 .eh_frame      0x00000000004649b0      0x300 build/v_video.o
                                        0x318 (size before relaxing)
 .eh_frame      0x0000000000464cb0      0x4d0 build/wi_stuff.o
                                        0x4e8 (size before relaxing)
 .eh_frame      0x0000000000465180       0x60 build/w_checksum.o
                                         0x78 (size before relaxing)
 .eh_frame      0x00000000004651e0       0x60 build/w_file.o
                                         0x78 (size before relaxing)
 .eh_frame      0x0000000000465240       0x20 build/w_main.o
                                         0x38 (size before relaxing)
 .eh_frame      0x0000000000465260      0x1d0 build/w_wad.o
                                        0x1e8 (size before relaxing)
 .eh_frame      0x0000000000465430      0x180 build/z_zone.o
                                        0x198 (size before relaxing)
 .eh_frame      0x00000000004655b0       0x60 build/w_file_stdc.o
                                         0x78 (size before relaxing)
 .eh_frame      0x0000000000465610       0xa0 build/i_input.o
                                         0xb8 (size before relaxing)
 .eh_frame      0x00000000004656b0      0x280 build/i_video.o
                                        0x298 (size before relaxing)
 .eh_frame      0x0000000000465930       0x20 build/doomgeneric.o
                                         0x38 (size before relaxing)
 .eh_frame      0x0000000000465950      0x120 build/doomgeneric_tacos.o
                                        0x138 (size before relaxing)
 .eh_frame      0x0000000000465a70       0x80 build/../../../TacOS/libc/bin/tacoc.a(ctype.o)
                                         0x98 (size before relaxing)
 .eh_frame      0x0000000000465af0       0x40 build/../../../TacOS/libc/bin/tacoc.a(mman.o)
                                         0x58 (size before relaxing)
 .eh_frame      0x0000000000465b30       0x40 build/../../../TacOS/libc/bin/tacoc.a(stat.o)
                                         0x58 (size before relaxing)
 .eh_frame      0x0000000000465b70      0x4e8 build/../../../TacOS/libc/bin/tacoc.a(stdio.o)
                                        0x500 (size before relaxing)
 .eh_frame      0x0000000000466058      0x1c0 build/../../../TacOS/libc/bin/tacoc.a(stdlib.o)
                                        0x1d8 (size before relaxing)
 .eh_frame      0x0000000000466218      0x1c0 build/../../../TacOS/libc/bin/tacoc.a(string.o)
                                        0x1d8 (size before relaxing)
 .eh_frame      0x00000000004663d8       0x48 build/../../../TacOS/libc/bin/tacoc.a(strings.o)
                                         0x60 (size before relaxing)
 .eh_frame      0x0000000000466420      0x160 build/../../../TacOS/libc/bin/tacoc.a(unistd.o)
                                        0x178 (size before relaxing)
 .eh_frame      0x0000000000466580       0x20 build/../../../TacOS/libc/bin/tacoc.a(math.o)
                                         0x38 (size before relaxing)
 .eh_frame      0x00000000004665a0      0x220 build/../../../TacOS/libc/bin/tacoc.a(liballoc.o)
                                        0x238 (size before relaxing)
 *(.eh_frame.*)

.sframe
 *(.sframe)
 *(.sframe.*)

.gcc_except_table
 *(.gcc_except_table .gcc_except_table.*)

.gnu_extab
 *(.gnu_extab*)

.exception_ranges
 *(.exception_ranges*)

.note.build-id
 *(.note.build-id)

.note.GNU-stack
                0x00000000004667c0        0x0
 *(.note.GNU-stack)
 .note.GNU-stack
                0x00000000004667c0        0x0 build/dummy.o
 .note.GNU-stack
                0x00000000004667c0        0x0 build/am_map.o
 .note.GNU-stack
                0x00000000004667c0        0x0 build/doomstat.o
 .note.GNU-stack
                0x00000000004667c0        0x0 build/dstrings.o
 .note.GNU-stack
                0x00000000004667c0        0x0 build/d_event.o
 .note.GNU-stack
                0x00000000004667c0        0x0 build/d_items.o
 .note.GNU-stack
                0x00000000004667c0        0x0 build/d_iwad.o
 .note.GNU-stack
                0x00000000004667c0        0x0 build/d_loop.o
 .note.GNU-stack
                0x00000000004667c0        0x0 build/d_main.o
 .note.GNU-stack
                0x00000000004667c0        0x0 build/d_mode.o
 .note.GNU-stack
                0x00000000004667c0        0x0 build/d_net.o
 .note.GNU-stack
                0x00000000004667c0        0x0 build/f_finale.o
 .note.GNU-stack
                0x00000000004667c0        0x0 build/f_wipe.o
 .note.GNU-stack
                0x00000000004667c0        0x0 build/g_game.o
 .note.GNU-stack
                0x00000000004667c0        0x0 build/hu_lib.o
 .note.GNU-stack
                0x00000000004667c0        0x0 build/hu_stuff.o
 .note.GNU-stack
                0x00000000004667c0        0x0 build/info.o
 .note.GNU-stack
                0x00000000004667c0        0x0 build/i_cdmus.o
 .note.GNU-stack
                0x00000000004667c0        0x0 build/i_endoom.o
 .note.GNU-stack
                0x00000000004667c0        0x0 build/i_joystick.o
 .note.GNU-stack
                0x00000000004667c0        0x0 build/i_scale.o
 .note.GNU-stack
                0x00000000004667c0        0x0 build/i_sound.o
 .note.GNU-stack
                0x00000000004667c0        0x0 build/i_system.o
 .note.GNU-stack
                0x00000000004667c0        0x0 build/i_timer.o
 .note.GNU-stack
                0x00000000004667c0        0x0 build/memio.o
 .note.GNU-stack
                0x00000000004667c0        0x0 build/m_argv.o
 .note.GNU-stack
                0x00000000004667c0        0x0 build/m_bbox.o
 .note.GNU-stack
                0x00000000004667c0        0x0 build/m_cheat.o
 .note.GNU-stack
                0x00000000004667c0        0x0 build/m_config.o
 .note.GNU-stack
                0x00000000004667c0        0x0 build/m_controls.o
 .note.GNU-stack
                0x00000000004667c0        0x0 build/m_fixed.o
 .note.GNU-stack
                0x00000000004667c0        0x0 build/m_menu.o
 .note.GNU-stack
                0x00000000004667c0        0x0 build/m_misc.o
 .note.GNU-stack
                0x00000000004667c0        0x0 build/m_random.o
 .note.GNU-stack
                0x00000000004667c0        0x0 build/p_ceilng.o
 .note.GNU-stack
                0x00000000004667c0        0x0 build/p_doors.o
 .note.GNU-stack
                0x00000000004667c0        0x0 build/p_enemy.o
 .note.GNU-stack
                0x00000000004667c0        0x0 build/p_floor.o
 .note.GNU-stack
                0x00000000004667c0        0x0 build/p_inter.o
 .note.GNU-stack
                0x00000000004667c0        0x0 build/p_lights.o
 .note.GNU-stack
                0x00000000004667c0        0x0 build/p_map.o
 .note.GNU-stack
                0x00000000004667c0        0x0 build/p_maputl.o
 .note.GNU-stack
                0x00000000004667c0        0x0 build/p_mobj.o
 .note.GNU-stack
                0x00000000004667c0        0x0 build/p_plats.o
 .note.GNU-stack
                0x00000000004667c0        0x0 build/p_pspr.o
 .note.GNU-stack
                0x00000000004667c0        0x0 build/p_saveg.o
 .note.GNU-stack
                0x00000000004667c0        0x0 build/p_setup.o
 .note.GNU-stack
                0x00000000004667c0        0x0 build/p_sight.o
 .note.GNU-stack
                0x00000000004667c0        0x0 build/p_spec.o
 .note.GNU-stack
                0x00000000004667c0        0x0 build/p_switch.o
 .note.GNU-stack
                0x00000000004667c0        0x0 build/p_telept.o
 .note.GNU-stack
                0x00000000004667c0        0x0 build/p_tick.o
 .note.GNU-stack
                0x00000000004667c0        0x0 build/p_user.o
 .note.GNU-stack
                0x00000000004667c0        0x0 build/r_bsp.o
 .note.GNU-stack
                0x00000000004667c0        0x0 build/r_data.o
 .note.GNU-stack
                0x00000000004667c0        0x0 build/r_draw.o
 .note.GNU-stack
                0x00000000004667c0        0x0 build/r_main.o
 .note.GNU-stack
                0x00000000004667c0        0x0 build/r_plane.o
 .note.GNU-stack
                0x00000000004667c0        0x0 build/r_segs.o
 .note.GNU-stack
                0x00000000004667c0        0x0 build/r_sky.o
 .note.GNU-stack
                0x00000000004667c0        0x0 build/r_things.o
 .note.GNU-stack
                0x00000000004667c0        0x0 build/sha1.o
 .note.GNU-stack
                0x00000000004667c0        0x0 build/sounds.o
 .note.GNU-stack
                0x00000000004667c0        0x0 build/statdump.o
 .note.GNU-stack
                0x00000000004667c0        0x0 build/st_lib.o
 .note.GNU-stack
                0x00000000004667c0        0x0 build/st_stuff.o
 .note.GNU-stack
                0x00000000004667c0        0x0 build/s_sound.o
 .note.GNU-stack
                0x00000000004667c0        0x0 build/tables.o
 .note.GNU-stack
                0x00000000004667c0        0x0 build/v_video.o
 .note.GNU-stack
                0x00000000004667c0        0x0 build/wi_stuff.o
 .note.GNU-stack
                0x00000000004667c0        0x0 build/w_checksum.o
 .note.GNU-stack
                0x00000000004667c0        0x0 build/w_file.o
 .note.GNU-stack
                0x00000000004667c0        0x0 build/w_main.o
 .note.GNU-stack
                0x00000000004667c0        0x0 build/w_wad.o
 .note.GNU-stack
                0x00000000004667c0        0x0 build/z_zone.o
 .note.GNU-stack
                0x00000000004667c0        0x0 build/w_file_stdc.o
 .note.GNU-stack
                0x00000000004667c0        0x0 build/i_input.o
 .note.GNU-stack
                0x00000000004667c0        0x0 build/i_video.o
 .note.GNU-stack
                0x00000000004667c0        0x0 build/doomgeneric.o
 .note.GNU-stack
                0x00000000004667c0        0x0 build/doomgeneric_tacos.o
 .note.GNU-stack
                0x00000000004667c0        0x0 build/../../../TacOS/libc/bin/tacoc.a(ctype.o)
 .note.GNU-stack
                0x00000000004667c0        0x0 build/../../../TacOS/libc/bin/tacoc.a(mman.o)
 .note.GNU-stack
                0x00000000004667c0        0x0 build/../../../TacOS/libc/bin/tacoc.a(stat.o)
 .note.GNU-stack
                0x00000000004667c0        0x0 build/../../../TacOS/libc/bin/tacoc.a(stdio.o)
 .note.GNU-stack
                0x00000000004667c0        0x0 build/../../../TacOS/libc/bin/tacoc.a(stdlib.o)
 .note.GNU-stack
                0x00000000004667c0        0x0 build/../../../TacOS/libc/bin/tacoc.a(string.o)
 .note.GNU-stack
                0x00000000004667c0        0x0 build/../../../TacOS/libc/bin/tacoc.a(strings.o)
 .note.GNU-stack
                0x00000000004667c0        0x0 build/../../../TacOS/libc/bin/tacoc.a(unistd.o)
 .note.GNU-stack
                0x00000000004667c0        0x0 build/../../../TacOS/libc/bin/tacoc.a(math.o)
 .note.GNU-stack
                0x00000000004667c0        0x0 build/../../../TacOS/libc/bin/tacoc.a(liballoc.o)

.note.gnu-property
 *(.note.gnu-property)

.note.ABI-tag
 *(.note.ABI-tag)

.note.package
 *(.note.package)

.note.dlopen
 *(.note.dlopen)

.note.netbsd.ident
 *(.note.netbsd.ident)

.note.openbsd.ident
 *(.note.openbsd.ident)
                0x0000000000467000                . = DATA_SEGMENT_ALIGN (CONSTANT (MAXPAGESIZE), CONSTANT (COMMONPAGESIZE))

.eh_frame
 *(.eh_frame)
 *(.eh_frame.*)

.sframe
 *(.sframe)
 *(.sframe.*)

.gnu_extab
 *(.gnu_extab)

.gcc_except_table
 *(.gcc_except_table .gcc_except_table.*)

.exception_ranges
 *(.exception_ranges*)

.tdata          0x0000000000467000        0x0
                [!provide]                        PROVIDE (__tdata_start = .)
 *(.tdata .tdata.* .gnu.linkonce.td.*)

.tbss
 *(.tbss .tbss.* .gnu.linkonce.tb.*)
 *(.tcommon)

.preinit_array  0x0000000000467000        0x0
                [!provide]                        PROVIDE (__preinit_array_start = .)
 *(.preinit_array)
                [!provide]                        PROVIDE (__preinit_array_end = .)

.init_array     0x0000000000467000        0x0
                [!provide]                        PROVIDE (__init_array_start = .)
 *(SORT_BY_INIT_PRIORITY(.init_array.*) SORT_BY_INIT_PRIORITY(.ctors.*))
 *(.init_array EXCLUDE_FILE(*crtend?.o *crtend.o *crtbegin?.o *crtbegin.o) .ctors)
                [!provide]                        PROVIDE (__init_array_end = .)

.fini_array     0x0000000000467000        0x0
                [!provide]                        PROVIDE (__fini_array_start = .)
 *(SORT_BY_INIT_PRIORITY(.fini_array.*) SORT_BY_INIT_PRIORITY(.dtors.*))
 *(.fini_array EXCLUDE_FILE(*crtend?.o *crtend.o *crtbegin?.o *crtbegin.o) .dtors)
                [!provide]                        PROVIDE (__fini_array_end = .)

.ctors
 *crtbegin.o(.ctors)
 *crtbegin?.o(.ctors)
 *(EXCLUDE_FILE(*crtend?.o *crtend.o) .ctors)
 *(SORT_BY_NAME(.ctors.*))
 *(.ctors)

.dtors
 *crtbegin.o(.dtors)
 *crtbegin?.o(.dtors)
 *(EXCLUDE_FILE(*crtend?.o *crtend.o) .dtors)
 *(SORT_BY_NAME(.dtors.*))
 *(.dtors)

.jcr
 *(.jcr)

.data.rel.ro
 *(.data.rel.ro.local* .gnu.linkonce.d.rel.ro.local.*)
 *(.data.rel.ro .data.rel.ro.* .gnu.linkonce.d.rel.ro.*)

.dynamic
 *(.dynamic)

.got            0x0000000000467000        0x0
 *(.got)
 .got           0x0000000000467000        0x0 build/dummy.o
 *(.igot)
                0x0000000000467000                . = DATA_SEGMENT_RELRO_END (., (SIZEOF (.got.plt) >= 0x18)?0x18:0x0)

.got.plt        0x0000000000467000        0x0
 *(.got.plt)
 .got.plt       0x0000000000467000        0x0 build/dummy.o
 *(.igot.plt)
 .igot.plt      0x0000000000467000        0x0 build/dummy.o

.data           0x0000000000467000    0x13ff4
 *(.data .data.* .gnu.linkonce.d.*)
 .data          0x0000000000467000      0x2f0 build/am_map.o
                0x0000000000467000                player_arrow
                0x0000000000467080                cheat_player_arrow
                0x0000000000467180                triangle_guy
                0x00000000004671c0                thintriangle_guy
                0x0000000000467220                cheat_amap
 .data          0x00000000004672f0        0x8 build/doomstat.o